<?xml version="1.0" encoding="UTF-8"?>
<object class="GtkDialog">
  <child internal-child="content_area">
    <object class="GtkBox">
      <property name="visible">0</property>
      <property name="name">fancy</property>
    </object>
    <packing>
      <property name="pack-type">end</property>
    </packing>
  </child>
  <child internal-child="action_area">
    <object class="GtkButtonBox">
      <property name="name">actions</property>
    </object>
  </child>
</object>
