<?xml version="1.0" encoding="UTF-8"?>
<interface>
  <requires lib="gtk" version="4.0"/>
  <object class="GtkWindow">
    <property name="child">
      <object class="GtkImage">
        <property name="visible">0</property>
        <property name="file">test.svg</property>
      </object>
    </property>
  </object>
</interface>
